2025-05-29 20:55:47 - Failed login attempt for castro4fidel@gmail.com
2025-05-29 21:13:57 - Successful login for imouduerua@gmail.com
2025-05-29 21:25:18 - Successful login for imouduerua@gmail.com
2025-05-29 21:58:20 - Successful login for imouduerua@gmail.com
2025-05-29 21:59:26 - Successful login for imouduerua@gmail.com
2025-06-06 15:22:56 - Successful login for imouduerua@gmail.com
2025-06-06 15:30:03 - Successful login for imouduerua@gmail.com
2025-06-06 15:30:13 - Successful login for imouduerua@gmail.com
2025-06-06 15:32:07 - Successful login for imouduerua@gmail.com
2025-06-06 15:32:17 - Successful login for imouduerua@gmail.com
2025-06-06 15:36:15 - Successful login for imouduerua@gmail.com
2025-06-06 15:37:25 - Successful login for imouduerua@gmail.com
2025-06-06 15:39:07 - Successful login for imouduerua@gmail.com
2025-06-07 12:40:47 - Successful login for imouduerua@gmail.com
2025-06-07 12:43:44 - Successful login for imouduerua@gmail.com
2025-06-07 12:46:55 - Successful login for imouduerua@gmail.com
2025-06-07 12:47:19 - Failed login attempt for eruayusuf1@gmail.com
2025-06-07 12:47:24 - Successful login for imouduerua@gmail.com
2025-06-07 12:50:01 - Successful login for imouduerua@gmail.com
2025-06-07 13:02:21 - Failed login attempt for castro4fidel@gmail.com
2025-06-07 13:02:43 - Failed login attempt for castro4fidel@gmail.com
2025-06-07 13:02:58 - Successful login for imouduerua@gmail.com
2025-06-07 13:03:39 - Successful login for imouduerua@gmail.com
2025-06-10 08:57:42 - Successful login for imouduerua@gmail.com
2025-06-11 13:54:26 - Successful login for imouduerua@gmail.com
2025-06-14 03:36:12 - Successful login for imouduerua@gmail.com
2025-06-16 11:41:03 - Successful login for imouduerua@gmail.com
2025-06-16 14:09:28 - Successful login for imouduerua@gmail.com
2025-06-24 15:57:27 - Successful login for imouduerua@gmail.com
2025-06-26 14:25:58 - Successful login for imouduerua@gmail.com
2025-07-01 18:27:59 - Successful login for imouduerua@gmail.com
2025-07-02 21:34:12 - Successful login for bigadamantart@gmail.com
2025-07-02 21:37:27 - Successful login for bigadamantart@gmail.com
2025-07-03 10:36:36 - Successful login for bigadamantart@gmail.com
2025-07-03 10:37:26 - Successful login for bigadamantart@gmail.com
2025-07-03 10:50:59 - Failed login attempt for imouduerua@gmail.com
2025-07-03 10:51:06 - Successful login for bigadamantart@gmail.com
2025-07-03 10:51:30 - Successful login for bigadamantart@gmail.com
2025-07-03 10:53:05 - Successful login for bigadamantart@gmail.com
2025-07-03 10:53:42 - Successful login for bigadamantart@gmail.com
2025-07-03 14:43:22 - Successful login for bigadamantart@gmail.com
2025-07-03 14:44:58 - Successful login for bigadamantart@gmail.com
2025-07-03 14:46:41 - Successful login for bigadamantart@gmail.com
2025-07-03 14:48:10 - Successful login for bigadamantart@gmail.com
2025-07-08 15:13:35 - Successful login for bigadamantart@gmail.com
2025-07-10 12:44:19 - Successful login for bigadamantart@gmail.com
2025-07-21 16:38:06 - Failed login attempt for imouduerua@gmail.com
2025-07-21 16:38:14 - Successful login for bigadamantart@gmail.com
2025-07-22 10:03:23 - Successful login for bigadamantart@gmail.com
2025-07-22 11:31:43 - Successful login for bigadamantart@gmail.com
2025-07-24 16:23:21 - Successful login for bigadamantart@gmail.com
